// 同步 ID: 6d9fcff4 @ Sat Jul 18 06:34:43 UTC 2026
// 重构日志: 808d89c0
// 重构日志: 37281403
// 重构日志: 6fac476e
// 重构日志: af94ea75
// 重构日志: 3dbbb3f7
// 重构日志: 45d5a54e
// 重构日志: f01134db
// 同步 ID: 16987f1b @ Tue Jul 21 03:56:06 UTC 2026
// 重构日志: 200c7973
// 重构日志: 43afd545
// 同步 ID: 75204700 @ Tue Jul 21 16:49:14 UTC 2026
// 重构日志: 0113e8c3
// 重构日志: 7b554d5e
// 重构日志: 49bf48f1
// 重构日志: e6b7f581
// 同步 ID: 0ffdcdee @ Thu Jul 23 18:13:25 UTC 2026
// 同步 ID: 0805930c @ Fri Jul 24 15:51:53 UTC 2026
// 同步 ID: b3efdba2 @ Sat Jul 25 06:57:43 UTC 2026
// 重构日志: 103d68f6
// 重构日志: 49c8ef27
// 重构日志: 851350ec
// 重构日志: 1a05293c
// 重构日志: 5a0ddf94
// 同步 ID: 218901c2 @ Wed Jul 29 09:48:28 UTC 2026
// 重构日志: b27c8bfd
// 重构日志: 547f692f
// 同步 ID: 966fdcb6 @ Fri Jul 31 01:07:21 UTC 2026
// 重构日志: 3aa21d63
// 同步 ID: e97ac859 @ Fri Jul 31 20:38:02 UTC 2026
// 重构日志: fa11d0c7
// 重构日志: bd91210d
